#include "wyn_runtime.h"
#ifdef __TINYC__
#define __auto_type long long
#endif


// Lambda functions (defined before use)
long long wyn_main();

/* 08_string_repeat_slice.wyn:2 */ 
#line 2 "08_string_repeat_slice.wyn"
long long wyn_main() {
    /* 08_string_repeat_slice.wyn:3 */ 
#line 3 "08_string_repeat_slice.wyn"
const char* s = "ab";
    println(string_repeat(s, 3));
    /* 08_string_repeat_slice.wyn:5 */ 
#line 5 "08_string_repeat_slice.wyn"
const char* t = "hello";
    println(string_slice(t, 1, 4));
    println(string_slice(t, 0, 2));
    return 0;
}

