#include "wyn_runtime.h"
#ifdef __TINYC__
#define __auto_type long long
#endif


// Lambda functions (defined before use)
typedef struct {
    long long first;
    long long second;
} Pair_int;

void Pair_int_cleanup(Pair_int* obj) {
}

long long wyn_main();

/* 25_generic_struct.wyn:7 */ 
#line 7 "25_generic_struct.wyn"
long long wyn_main() {
    /* 25_generic_struct.wyn:8 */ 
#line 8 "25_generic_struct.wyn"
Pair_int p = ((Pair_int){.first = 10, .second = 20});
    ({ const char* __ps = to_string(p.first); println(__ps); wyn_rc_release(__ps); });
    ({ const char* __ps = to_string(p.second); println(__ps); wyn_rc_release(__ps); });
    ({ const char* __ps = to_string((p.first + p.second)); println(__ps); wyn_rc_release(__ps); });
    return 0;
}

